src/pages/design/content/components/atoms/buttons.tsx(7,3): error TS6133: 'variantDetails' is declared but its value is never read.
src/pages/design/content/components/atoms/buttons.tsx(10,1): error TS6133: 'Badge' is declared but its value is never read.
src/pages/design/content/components/atoms/checkboxes.tsx(10,3): error TS6133: 'stateDetails' is declared but its value is never read.
src/pages/design/content/components/atoms/checkboxes.tsx(79,45): error TS2339: Property 'description' does not exist on type '{ label: string; defaultChecked: boolean; }'.
src/pages/design/content/components/atoms/checkboxes.tsx(81,38): error TS2339: Property 'size' does not exist on type '{ label: string; defaultChecked: boolean; }'.
src/pages/design/content/components/atoms/checkboxes.tsx(82,39): error TS2339: Property 'error' does not exist on type '{ label: string; defaultChecked: boolean; }'.
src/pages/design/content/components/atoms/checkboxes.tsx(83,42): error TS2339: Property 'disabled' does not exist on type '{ label: string; defaultChecked: boolean; }'.
src/pages/design/content/components/atoms/checkboxes.tsx(84,47): error TS2339: Property 'indeterminate' does not exist on type '{ label: string; defaultChecked: boolean; }'.
src/pages/design/content/components/atoms/checkboxes.tsx(85,38): error TS2339: Property 'name' does not exist on type '{ label: string; defaultChecked: boolean; }'.
src/pages/design/content/components/atoms/checkboxes.tsx(93,52): error TS2339: Property 'key' does not exist on type '{ label: string; description: string; key: string; defaultChecked: boolean; } | { label: string; size: string; name: string; defaultChecked: boolean; } | { label: string; error: string; defaultChecked: boolean; disabled?: undefined; description?: undefined; indeterminate?: undefined; } | { ...; } | { ...; } | { ...;...'.
  Property 'key' does not exist on type '{ label: string; size: string; name: string; defaultChecked: boolean; }'.
src/pages/design/content/components/atoms/checkboxes.tsx(98,47): error TS2339: Property 'description' does not exist on type '{ label: string; description: string; key: string; defaultChecked: boolean; } | { label: string; size: string; name: string; defaultChecked: boolean; } | { label: string; error: string; defaultChecked: boolean; disabled?: undefined; description?: undefined; indeterminate?: undefined; } | { ...; } | { ...; } | { ...;...'.
  Property 'description' does not exist on type '{ label: string; size: string; name: string; defaultChecked: boolean; }'.
src/pages/design/content/components/atoms/checkboxes.tsx(99,56): error TS2339: Property 'key' does not exist on type '{ label: string; description: string; key: string; defaultChecked: boolean; } | { label: string; size: string; name: string; defaultChecked: boolean; } | { label: string; error: string; defaultChecked: boolean; disabled?: undefined; description?: undefined; indeterminate?: undefined; } | { ...; } | { ...; } | { ...;...'.
  Property 'key' does not exist on type '{ label: string; size: string; name: string; defaultChecked: boolean; }'.
src/pages/design/content/components/atoms/checkboxes.tsx(102,37): error TS2339: Property 'key' does not exist on type '{ label: string; description: string; key: string; defaultChecked: boolean; } | { label: string; size: string; name: string; defaultChecked: boolean; } | { label: string; error: string; defaultChecked: boolean; disabled?: undefined; description?: undefined; indeterminate?: undefined; } | { ...; } | { ...; } | { ...;...'.
  Property 'key' does not exist on type '{ label: string; size: string; name: string; defaultChecked: boolean; }'.
src/pages/design/content/components/atoms/checkboxes.tsx(111,45): error TS2339: Property 'description' does not exist on type '{ label: string; description: string; key: string; defaultChecked: boolean; } | { label: string; size: string; name: string; defaultChecked: boolean; } | { label: string; error: string; defaultChecked: boolean; disabled?: undefined; description?: undefined; indeterminate?: undefined; } | { ...; } | { ...; } | { ...;...'.
  Property 'description' does not exist on type '{ label: string; size: string; name: string; defaultChecked: boolean; }'.
src/pages/design/content/components/atoms/checkboxes.tsx(113,38): error TS2339: Property 'size' does not exist on type '{ label: string; description: string; key: string; defaultChecked: boolean; } | { label: string; size: string; name: string; defaultChecked: boolean; } | { label: string; error: string; defaultChecked: boolean; disabled?: undefined; description?: undefined; indeterminate?: undefined; } | { ...; } | { ...; } | { ...;...'.
  Property 'size' does not exist on type '{ label: string; description: string; key: string; defaultChecked: boolean; }'.
src/pages/design/content/components/atoms/checkboxes.tsx(114,39): error TS2339: Property 'error' does not exist on type '{ label: string; description: string; key: string; defaultChecked: boolean; } | { label: string; size: string; name: string; defaultChecked: boolean; } | { label: string; error: string; defaultChecked: boolean; disabled?: undefined; description?: undefined; indeterminate?: undefined; } | { ...; } | { ...; } | { ...;...'.
  Property 'error' does not exist on type '{ label: string; description: string; key: string; defaultChecked: boolean; }'.
src/pages/design/content/components/atoms/checkboxes.tsx(115,42): error TS2339: Property 'disabled' does not exist on type '{ label: string; description: string; key: string; defaultChecked: boolean; } | { label: string; size: string; name: string; defaultChecked: boolean; } | { label: string; error: string; defaultChecked: boolean; disabled?: undefined; description?: undefined; indeterminate?: undefined; } | { ...; } | { ...; } | { ...;...'.
  Property 'disabled' does not exist on type '{ label: string; description: string; key: string; defaultChecked: boolean; }'.
src/pages/design/content/components/atoms/checkboxes.tsx(116,47): error TS2339: Property 'indeterminate' does not exist on type '{ label: string; description: string; key: string; defaultChecked: boolean; } | { label: string; size: string; name: string; defaultChecked: boolean; } | { label: string; error: string; defaultChecked: boolean; disabled?: undefined; description?: undefined; indeterminate?: undefined; } | { ...; } | { ...; } | { ...;...'.
  Property 'indeterminate' does not exist on type '{ label: string; description: string; key: string; defaultChecked: boolean; }'.
src/pages/design/content/components/atoms/checkboxes.tsx(117,38): error TS2339: Property 'name' does not exist on type '{ label: string; description: string; key: string; defaultChecked: boolean; } | { label: string; size: string; name: string; defaultChecked: boolean; } | { label: string; error: string; defaultChecked: boolean; disabled?: undefined; description?: undefined; indeterminate?: undefined; } | { ...; } | { ...; } | { ...;...'.
  Property 'name' does not exist on type '{ label: string; description: string; key: string; defaultChecked: boolean; }'.
src/pages/design/content/components/atoms/modals.tsx(7,58): error TS6133: 'Layout' is declared but its value is never read.
src/pages/design/content/components/atoms/progress.tsx(41,20): error TS2322: Type '{ value: number; label: string; variant: string; showValue?: undefined; size?: undefined; key: number; } | { value: number; variant: string; showValue: boolean; label?: undefined; size?: undefined; key: number; } | { ...; }' is not assignable to type 'IntrinsicAttributes & ProgressProps'.
  Type '{ value: number; label: string; variant: string; showValue?: undefined; size?: undefined; key: number; }' is not assignable to type 'ProgressProps'.
    Types of property 'variant' are incompatible.
      Type 'string' is not assignable to type '"primary" | "secondary" | "success" | "warning" | "danger" | "info" | undefined'.
src/pages/design/content/components/atoms/radios.tsx(9,3): error TS6133: 'stateDetails' is declared but its value is never read.
src/pages/design/content/components/atoms/radios.tsx(49,24): error TS2322: Type '{ label: string; value: string; description: string; key: number; name: string; checked: boolean; onChange: () => void; size: any; } | { label: string; value: string; size: string; key: number; name: string; checked: boolean; onChange: () => void; description: any; } | { ...; } | { ...; }' is not assignable to type 'IntrinsicAttributes & RadioProps & RefAttributes<HTMLInputElement>'.
  Type '{ label: string; value: string; size: string; key: number; name: string; checked: boolean; onChange: () => void; description: any; }' is not assignable to type 'RadioProps'.
    Types of property 'size' are incompatible.
      Type 'string' is not assignable to type '"sm" | "md" | "lg" | undefined'.
src/pages/design/content/components/atoms/radios.tsx(51,25): error TS2783: 'label' is specified more than once, so this usage will be overwritten.
src/pages/design/content/components/atoms/radios.tsx(53,96): error TS2339: Property 'value' does not exist on type '{ label: string; value: string; description: string; } | { label: string; value: string; size: string; } | { label: string; error: string; name: string; disabled?: undefined; description?: undefined; } | { ...; }'.
  Property 'value' does not exist on type '{ label: string; error: string; name: string; disabled?: undefined; description?: undefined; }'.
src/pages/design/content/components/atoms/radios.tsx(53,128): error TS2339: Property 'value' does not exist on type '{ label: string; value: string; description: string; } | { label: string; value: string; size: string; } | { label: string; error: string; name: string; disabled?: undefined; description?: undefined; } | { ...; }'.
  Property 'value' does not exist on type '{ label: string; error: string; name: string; disabled?: undefined; description?: undefined; }'.
src/pages/design/content/components/atoms/radios.tsx(56,52): error TS2339: Property 'value' does not exist on type '{ label: string; value: string; description: string; } | { label: string; value: string; size: string; } | { label: string; error: string; name: string; disabled?: undefined; description?: undefined; } | { ...; }'.
  Property 'value' does not exist on type '{ label: string; error: string; name: string; disabled?: undefined; description?: undefined; }'.
src/pages/design/content/components/atoms/radios.tsx(58,52): error TS2339: Property 'value' does not exist on type '{ label: string; value: string; description: string; } | { label: string; value: string; size: string; } | { label: string; error: string; name: string; disabled?: undefined; description?: undefined; } | { ...; }'.
  Property 'value' does not exist on type '{ label: string; error: string; name: string; disabled?: undefined; description?: undefined; }'.
src/pages/design/content/components/atoms/radios.tsx(61,45): error TS2339: Property 'description' does not exist on type '{ label: string; value: string; description: string; } | { label: string; value: string; size: string; } | { label: string; error: string; name: string; disabled?: undefined; description?: undefined; } | { ...; }'.
  Property 'description' does not exist on type '{ label: string; value: string; size: string; }'.
src/pages/design/content/components/atoms/radios.tsx(62,38): error TS2339: Property 'size' does not exist on type '{ label: string; value: string; description: string; } | { label: string; value: string; size: string; } | { label: string; error: string; name: string; disabled?: undefined; description?: undefined; } | { ...; }'.
  Property 'size' does not exist on type '{ label: string; value: string; description: string; }'.
src/pages/design/content/components/atoms/radios.tsx(71,22): error TS2322: Type '{ label: string; value: string; description: string; key: number; } | { label: string; value: string; size: string; key: number; } | { label: string; error: string; name: string; disabled?: undefined; description?: undefined; key: number; } | { ...; }' is not assignable to type 'IntrinsicAttributes & RadioProps & RefAttributes<HTMLInputElement>'.
  Type '{ label: string; value: string; size: string; key: number; }' is not assignable to type 'RadioProps'.
    Types of property 'size' are incompatible.
      Type 'string' is not assignable to type '"sm" | "md" | "lg" | undefined'.
src/pages/design/content/components/atoms/search.tsx(9,3): error TS6133: 'sizeDetails' is declared but its value is never read.
src/pages/design/content/components/atoms/search.tsx(10,3): error TS6133: 'variantDetails' is declared but its value is never read.
src/pages/design/content/components/atoms/search.tsx(11,3): error TS6133: 'usageExamples' is declared but its value is never read.
src/pages/design/content/components/atoms/search.tsx(27,11): error TS6133: 'icons' is declared but its value is never read.
src/pages/design/content/components/atoms/search.tsx(64,59): error TS2339: Property 'showLoading' does not exist on type '{ placeholder: string; showLoading: boolean; showClear: boolean; } | { size: string; placeholder: string; } | { variant: string; placeholder: string; }'.
  Property 'showLoading' does not exist on type '{ size: string; placeholder: string; }'.
src/pages/design/content/components/atoms/search.tsx(65,55): error TS2339: Property 'showLoading' does not exist on type '{ placeholder: string; showLoading: boolean; showClear: boolean; } | { size: string; placeholder: string; } | { variant: string; placeholder: string; }'.
  Property 'showLoading' does not exist on type '{ size: string; placeholder: string; }'.
src/pages/design/content/components/atoms/search.tsx(66,58): error TS2339: Property 'showLoading' does not exist on type '{ placeholder: string; showLoading: boolean; showClear: boolean; } | { size: string; placeholder: string; } | { variant: string; placeholder: string; }'.
  Property 'showLoading' does not exist on type '{ size: string; placeholder: string; }'.
src/pages/design/content/components/atoms/search.tsx(67,57): error TS2339: Property 'showClear' does not exist on type '{ placeholder: string; showLoading: boolean; showClear: boolean; } | { size: string; placeholder: string; } | { variant: string; placeholder: string; }'.
  Property 'showClear' does not exist on type '{ size: string; placeholder: string; }'.
src/pages/design/content/components/atoms/search.tsx(68,54): error TS2339: Property 'size' does not exist on type '{ placeholder: string; showLoading: boolean; showClear: boolean; } | { size: string; placeholder: string; } | { variant: string; placeholder: string; }'.
  Property 'size' does not exist on type '{ placeholder: string; showLoading: boolean; showClear: boolean; }'.
src/pages/design/content/components/atoms/search.tsx(69,45): error TS2322: Type '{ placeholder: string; isLoading: boolean; value: string; onChange: ((e: ChangeEvent<HTMLInputElement>) => void) | undefined; onClear: (() => void) | undefined; size: any; variant: any; }' is not assignable to type 'IntrinsicAttributes & SearchBarProps & RefAttributes<HTMLInputElement>'.
  Property 'variant' does not exist on type 'IntrinsicAttributes & SearchBarProps & RefAttributes<HTMLInputElement>'.
src/pages/design/content/components/atoms/search.tsx(69,57): error TS2339: Property 'variant' does not exist on type '{ placeholder: string; showLoading: boolean; showClear: boolean; } | { size: string; placeholder: string; } | { variant: string; placeholder: string; }'.
  Property 'variant' does not exist on type '{ placeholder: string; showLoading: boolean; showClear: boolean; }'.
src/pages/design/content/components/atoms/search.tsx(71,45): error TS2339: Property 'showLoading' does not exist on type '{ placeholder: string; showLoading: boolean; showClear: boolean; } | { size: string; placeholder: string; } | { variant: string; placeholder: string; }'.
  Property 'showLoading' does not exist on type '{ size: string; placeholder: string; }'.
src/pages/design/content/components/atoms/toggles.tsx(8,3): error TS6133: 'stateDetails' is declared but its value is never read.
src/pages/design/content/components/atoms/toggles.tsx(10,3): error TS6133: 'animationDetails' is declared but its value is never read.
src/pages/design/content/components/atoms/toggles.tsx(57,50): error TS2339: Property 'key' does not exist on type '{ label: string; description: string; key: string; defaultChecked: boolean; } | { label: string; size: string; defaultChecked: boolean; } | { label: string; error: string; size: string; defaultChecked: boolean; disabled?: undefined; description?: undefined; } | { ...; } | { ...; }'.
  Property 'key' does not exist on type '{ label: string; size: string; defaultChecked: boolean; }'.
src/pages/design/content/components/atoms/toggles.tsx(62,45): error TS2339: Property 'description' does not exist on type '{ label: string; description: string; key: string; defaultChecked: boolean; } | { label: string; size: string; defaultChecked: boolean; } | { label: string; error: string; size: string; defaultChecked: boolean; disabled?: undefined; description?: undefined; } | { ...; } | { ...; }'.
  Property 'description' does not exist on type '{ label: string; size: string; defaultChecked: boolean; }'.
src/pages/design/content/components/atoms/toggles.tsx(63,50): error TS2339: Property 'key' does not exist on type '{ label: string; description: string; key: string; defaultChecked: boolean; } | { label: string; size: string; defaultChecked: boolean; } | { label: string; error: string; size: string; defaultChecked: boolean; disabled?: undefined; description?: undefined; } | { ...; } | { ...; }'.
  Property 'key' does not exist on type '{ label: string; size: string; defaultChecked: boolean; }'.
src/pages/design/content/components/atoms/toggles.tsx(66,35): error TS2339: Property 'key' does not exist on type '{ label: string; description: string; key: string; defaultChecked: boolean; } | { label: string; size: string; defaultChecked: boolean; } | { label: string; error: string; size: string; defaultChecked: boolean; disabled?: undefined; description?: undefined; } | { ...; } | { ...; }'.
  Property 'key' does not exist on type '{ label: string; size: string; defaultChecked: boolean; }'.
src/pages/design/content/components/atoms/toggles.tsx(68,38): error TS2339: Property 'size' does not exist on type '{ label: string; description: string; key: string; defaultChecked: boolean; } | { label: string; size: string; defaultChecked: boolean; } | { label: string; error: string; size: string; defaultChecked: boolean; disabled?: undefined; description?: undefined; } | { ...; } | { ...; }'.
  Property 'size' does not exist on type '{ label: string; description: string; key: string; defaultChecked: boolean; }'.
src/pages/design/content/components/atoms/toggles.tsx(69,39): error TS2339: Property 'error' does not exist on type '{ label: string; description: string; key: string; defaultChecked: boolean; } | { label: string; size: string; defaultChecked: boolean; } | { label: string; error: string; size: string; defaultChecked: boolean; disabled?: undefined; description?: undefined; } | { ...; } | { ...; }'.
  Property 'error' does not exist on type '{ label: string; description: string; key: string; defaultChecked: boolean; }'.
src/pages/design/content/components/atoms/toggles.tsx(70,42): error TS2339: Property 'disabled' does not exist on type '{ label: string; description: string; key: string; defaultChecked: boolean; } | { label: string; size: string; defaultChecked: boolean; } | { label: string; error: string; size: string; defaultChecked: boolean; disabled?: undefined; description?: undefined; } | { ...; } | { ...; }'.
  Property 'disabled' does not exist on type '{ label: string; description: string; key: string; defaultChecked: boolean; }'.
src/pages/design/content/components/atoms/toggles.tsx(78,43): error TS2339: Property 'description' does not exist on type '{ label: string; description: string; key: string; defaultChecked: boolean; } | { label: string; size: string; defaultChecked: boolean; } | { label: string; error: string; size: string; defaultChecked: boolean; disabled?: undefined; description?: undefined; } | { ...; } | { ...; }'.
  Property 'description' does not exist on type '{ label: string; size: string; defaultChecked: boolean; }'.
src/pages/design/content/components/atoms/toggles.tsx(80,36): error TS2339: Property 'size' does not exist on type '{ label: string; description: string; key: string; defaultChecked: boolean; } | { label: string; size: string; defaultChecked: boolean; } | { label: string; error: string; size: string; defaultChecked: boolean; disabled?: undefined; description?: undefined; } | { ...; } | { ...; }'.
  Property 'size' does not exist on type '{ label: string; description: string; key: string; defaultChecked: boolean; }'.
src/pages/design/content/components/atoms/toggles.tsx(81,37): error TS2339: Property 'error' does not exist on type '{ label: string; description: string; key: string; defaultChecked: boolean; } | { label: string; size: string; defaultChecked: boolean; } | { label: string; error: string; size: string; defaultChecked: boolean; disabled?: undefined; description?: undefined; } | { ...; } | { ...; }'.
  Property 'error' does not exist on type '{ label: string; description: string; key: string; defaultChecked: boolean; }'.
src/pages/design/content/components/atoms/toggles.tsx(82,40): error TS2339: Property 'disabled' does not exist on type '{ label: string; description: string; key: string; defaultChecked: boolean; } | { label: string; size: string; defaultChecked: boolean; } | { label: string; error: string; size: string; defaultChecked: boolean; disabled?: undefined; description?: undefined; } | { ...; } | { ...; }'.
  Property 'disabled' does not exist on type '{ label: string; description: string; key: string; defaultChecked: boolean; }'.
