
> system-design@0.0.0 build
> tsc -b && vite build

src/pages/design/content/components/atoms/buttons.tsx(7,3): error TS6133: 'variantDetails' is declared but its value is never read.
src/pages/design/content/components/atoms/buttons.tsx(10,1): error TS6133: 'Badge' is declared but its value is never read.
src/pages/design/content/components/atoms/modals.tsx(7,58): error TS6133: 'Layout' is declared but its value is never read.
src/pages/design/content/components/atoms/progress.tsx(41,20): error TS2322: Type '{ value: number; label: string; variant: string; showValue?: undefined; size?: undefined; key: number; } | { value: number; variant: string; showValue: boolean; label?: undefined; size?: undefined; key: number; } | { ...; }' is not assignable to type 'IntrinsicAttributes & ProgressProps'.
  Type '{ value: number; label: string; variant: string; showValue?: undefined; size?: undefined; key: number; }' is not assignable to type 'ProgressProps'.
    Types of property 'variant' are incompatible.
      Type 'string' is not assignable to type '"primary" | "secondary" | "success" | "warning" | "danger" | "info" | undefined'.
